// Jest Snapshot v1, https://goo.gl/fbAQLP

exports[`Nav Bar Component Navigation bar matches snapshot html and is navigable 1`] = `
<nav
  className="navbar navbar-expand-sm navbar-light"
>
  <a
    className="navbar-brand mr-l"
    href="/"
  >
    <img
      alt="logo"
      src="test-file-stub"
      style={
        Object {
          "width": "150px",
        }
      }
    />
  </a>
  <button
    aria-controls="navbarSupportedContent"
    aria-expanded="false"
    aria-label="Toggle navigation"
    className="navbar-toggler"
    data-target="#navbarSupportedContent"
    data-toggle="collapse"
    type="button"
  >
    <span
      className="navbar-toggler-icon"
    />
  </button>
  <div
    className="collapse navbar-collapse"
    id="navbarSupportedContent"
  >
    <ul
      className="navbar-nav mr-auto"
    >
      <li
        className="nav-item ml-4"
      >
        <a
          className="nav-link"
          href="/"
        >
          Home
        </a>
      </li>
      <li
        className="nav-item ml-4"
      >
        <a
          className="nav-link"
          href="/search"
        >
          Search
        </a>
      </li>
      <li
        className="nav-item ml-4"
      >
        <a
          className="nav-link"
          href="/roulette"
        >
          Roulette
        </a>
      </li>
      <li
        className="nav-item ml-4"
      >
        <a
          className="nav-link"
          href="/about"
        >
          About
        </a>
      </li>
      <li
        className="nav-item ml-4"
      >
        <a
          className="nav-link"
          href="/account"
        >
          Account
        </a>
      </li>
    </ul>
  </div>
</nav>
`;
